// 重构日志: aa6c87d9
// 重构日志: 800f060e
// 重构日志: 6a9892f4
// 重构日志: 0f9ad4cd
// 重构日志: 3a88c22e
// 重构日志: 41a81d0f
// 重构日志: 3f123a74
// 重构日志: 5e617d71
// 同步 ID: 6135630d @ Mon Jul 20 14:31:23 UTC 2026
// 同步 ID: 96549413 @ Wed Jul 22 00:44:29 UTC 2026
// 重构日志: b92496df
// 重构日志: 506e2ee2
// 同步 ID: 25d44f85 @ Fri Jul 24 17:57:07 UTC 2026
// 重构日志: 872cea14
// 重构日志: 02f48810
// 重构日志: 06deabaa
// 重构日志: 66ea4064
// 同步 ID: 6f30d8ae @ Sun Jul 26 13:55:13 UTC 2026
// 同步 ID: 8a60c17d @ Mon Jul 27 04:31:10 UTC 2026
// 重构日志: aa308859
// 重构日志: b0aac4d1
// 同步 ID: 9a6a53f9 @ Mon Jul 27 20:55:03 UTC 2026
// 重构日志: c1ded612
// 重构日志: 4583f085
// 重构日志: d5e589ba
// 重构日志: 536adab3
// 重构日志: bbda5830
// 同步 ID: 97d80fe0 @ Wed Jul 29 15:51:40 UTC 2026
// 同步 ID: a43220e6 @ Thu Jul 30 01:01:42 UTC 2026
// 同步 ID: 0e0278e6 @ Thu Jul 30 12:41:20 UTC 2026
// 重构日志: 62d15d17
// 重构日志: ee4f6107
// 重构日志: de91a416
